﻿[36mvite v7.3.1 [32mbuilding client environment for production...[36m[39m
transforming...
[32mΓ£ô[39m 2218 modules transformed.
node.exe : [31mΓ£ù[39m Build failed in 8.45s
At line:1 char:1
+ & "C:\Program Files\nodejs/node.exe" "C:\Users\ricar\AppData\Roaming\ ...
+ ~~~~~~~~~~~~~~~~~~~~~~~~~~~~~~~~~~~~~~~~~~~~~~~~~~~~~~~~~~~~~~~~~~~~~
    + CategoryInfo          : NotSpecified: ([31mΓ£ù[39m Build failed in 8.45s:String)  
   [], RemoteException
    + FullyQualifiedErrorId : NativeCommandError
 
[31merror during build:
[31m[vite-plugin-pwa:build] [plugin vite-plugin-pwa:build] src/components/Navbar.tsx: 
There was an error during the build:
  Could not resolve "../config/neon" from "src/components/Navbar.tsx"
Additionally, handling the error in the 'buildEnd' hook caused the following error:
  Could not resolve "../config/neon" from "src/components/Navbar.tsx"[31m
file: [36mC:/Users/ricar/Documents/Amalia Media 
LLC/Products/Webapp/webapp-main/src/components/Navbar.tsx[31m
    at getRollupError (file:///C:/Users/ricar/Documents/Amalia%20Media%20LLC/Products/Weba
pp/webapp-main/node_modules/rollup/dist/es/shared/parseAst.js:402:41)
    at file:///C:/Users/ricar/Documents/Amalia%20Media%20LLC/Products/Webapp/webapp-main/n
ode_modules/rollup/dist/es/shared/node-entry.js:23467:39
    at async catchUnfinishedHookActions (file:///C:/Users/ricar/Documents/Amalia%20Media%2
0LLC/Products/Webapp/webapp-main/node_modules/rollup/dist/es/shared/node-entry.js:22925:16
)
    at async rollupInternal (file:///C:/Users/ricar/Documents/Amalia%20Media%20LLC/Product
s/Webapp/webapp-main/node_modules/rollup/dist/es/shared/node-entry.js:23450:5)
    at async buildEnvironment (file:///C:/Users/ricar/Documents/Amalia%20Media%20LLC/Produ
cts/Webapp/webapp-main/node_modules/vite/dist/node/chunks/config.js:33541:12)
    at async Object.build (file:///C:/Users/ricar/Documents/Amalia%20Media%20LLC/Products/
Webapp/webapp-main/node_modules/vite/dist/node/chunks/config.js:33900:19)
    at async Object.buildApp (file:///C:/Users/ricar/Documents/Amalia%20Media%20LLC/Produc
ts/Webapp/webapp-main/node_modules/vite/dist/node/chunks/config.js:33897:153)
    at async CAC.<anonymous> (file:///C:/Users/ricar/Documents/Amalia%20Media%20LLC/Produc
ts/Webapp/webapp-main/node_modules/vite/dist/node/cli.js:629:3)[39m
